12:04:36 **** Build of configuration Debug for project SatCamApp ****
make all 
make --no-print-directory pre-build
a9-linaro-pre-build-step
' '
make --no-print-directory main-build
'Building file: ../src/freertos_hello_world.c'
'Invoking: ARM v7 gcc compiler'
arm-none-eabi-gcc -Wall -O0 -g3 -c -fmessage-length=0 -MT"src/freertos_hello_world.o" -mcpu=cortex-a9 -mfpu=vfpv3 -mfloat-abi=hard -IC:/School/Vivado/ZynqDemoRemake/workspace_final/SatCamPlatform/export/SatCamPlatform/sw/SatCamPlatform/freertos10_xilinx_domain/bspinclude/include -MMD -MP -MF"src/freertos_hello_world.d" -MT"src/freertos_hello_world.o" -o "src/freertos_hello_world.o" "../src/freertos_hello_world.c"
'Finished building: ../src/freertos_hello_world.c'
' '
'Building target: SatCamApp.elf'
'Invoking: ARM v7 gcc linker'
arm-none-eabi-gcc -mcpu=cortex-a9 -mfpu=vfpv3 -mfloat-abi=hard -Wl,-build-id=none -specs=Xilinx.spec -Wl,-T -Wl,../src/lscript.ld -LC:/School/Vivado/ZynqDemoRemake/workspace_final/SatCamPlatform/export/SatCamPlatform/sw/SatCamPlatform/freertos10_xilinx_domain/bsplib/lib -o "SatCamApp.elf"  ./src/freertos_hello_world.o   -Wl,--start-group,-lxil,-lfreertos,-lgcc,-lc,--end-group
'Finished building target: SatCamApp.elf'
' '
'Invoking: ARM v7 Print Size'
arm-none-eabi-size SatCamApp.elf  |tee "SatCamApp.elf.size"
   text	   data	    bss	    dec	    hex	filename
  82262	   3356	  88752	 174370	  2a922	SatCamApp.elf
'Finished building: SatCamApp.elf.size'
' '

12:04:37 Build Finished (took 1s.377ms)

